// Jest Snapshot v1, https://goo.gl/fbAQLP

exports[`Question Icon Icon 1`] = `
<svg
  viewBox="0 0 32 32"
  xmlns="http://www.w3.org/2000/svg"
>
  <rect
    className="stroke"
    fill="none"
    height="21.58"
    rx="1.09"
    ry="1.09"
    strokeLinecap="round"
    strokeMiterlimit="10"
    width="22.12"
    x="4.94"
    y="5.23"
  />
  <path
    className="fill"
    d="M11,12c.82-2,2.55-3.12,5.09-3.12,2.95,0,4.91,1.54,4.91,3.27,0,2.83-3.63,2.94-3.63,5.45a.47.47,0,0,1-.48.46h-2c-.31,0-.5-.19-.5-.55,0-3.16,2.89-3.8,2.89-5.15a1.11,1.11,0,0,0-1.23-1,2.14,2.14,0,0,0-1.94,1.46c-.11.25-.21.29-.49.23l-2.44-.53C11,12.45,11,12.21,11,12Zm6.86,10.62c0,.4-.19.55-.63.55H14.39c-.38,0-.5-.15-.5-.48V19.84c0-.28.14-.42.36-.42h3.29a.33.33,0,0,1,.34.38Z"
  />
</svg>
`;
