// Jest Snapshot v1, https://goo.gl/fbAQLP

exports[`IFrame editor plugins.renderNode renders an IFrame when passed 1`] = `
<SlateWrapper
  attributes={
    Object {
      "dummy": "dummyData",
    }
  }
  dummy="dummyData"
  node={
    Object {
      "data": Object {
        "get": [Function],
      },
      "type": "ObojoboDraft.Chunks.IFrame",
    }
  }
/>
`;
