// Jest Snapshot v1, https://goo.gl/fbAQLP

exports[`render-settings getRenderSettings 1`] = `
Object {
  "afterStyle": Object {
    "height": 456,
  },
  "ariaRegionLabel": "External content from src.",
  "controlsOpts": Object {
    "isControlsEnabled": false,
    "newWindow": false,
    "reload": false,
    "zoom": false,
  },
  "displayedTitle": "src",
  "iframeStyle": Object {
    "height": "25.102040816326532%",
    "transform": "scale(3.983739837398374)",
    "width": "25.102040816326532%",
  },
  "isAtMaxScale": false,
  "isAtMinScale": false,
  "isShowing": false,
  "scaleDimensions": Object {
    "containerStyle": Object {
      "width": 123,
    },
    "scale": 3.983739837398374,
  },
  "zoomValues": Object {
    "currentZoom": 1,
    "defaultZoom": 1,
    "isZoomAtDefault": true,
  },
}
`;
