// Jest Snapshot v1, https://goo.gl/fbAQLP

exports[`Assessment editor plugins.renderNode renders the Assessment when passed 1`] = `
<Assessment
  attributes={
    Object {
      "dummy": "dummyData",
    }
  }
  dummy="dummyData"
  node={
    Object {
      "data": Object {
        "get": [Function],
      },
      "type": "ObojoboDraft.Sections.Assessment",
    }
  }
/>
`;
