// Jest Snapshot v1, https://goo.gl/fbAQLP

exports[`NumericFeedback Editor Node NumericFeedback builds the expected component 1`] = `
<div
  className="component obojobo-draft--chunks--numeric-assessment--numeric-feedback editor-feedback"
>
  <button
    className="delete-button"
    contentEditable={false}
    onClick={[Function]}
  >
    Ã—
  </button>
  <span
    className="label"
    contentEditable={false}
  >
    Feedback
  </span>
</div>
`;
