// Jest Snapshot v1, https://goo.gl/fbAQLP

exports[`Test Test component 1`] = `
<div
  className="test"
>
  <MockComponent
    model={
      Object {
        "getComponentClass": [MockFunction] {
          "calls": Array [
            Array [],
          ],
          "results": Array [
            Object {
              "type": "return",
              "value": "MockComponent",
            },
          ],
        },
      }
    }
    moduleData={
      Object {
        "focusState": Object {},
      }
    }
  />
  <div
    className="submit-button"
  >
    <div
      className="obojobo-draft--components--button is-not-dangerous align-center"
    >
      <button
        aria-label="Submit (Not all questions have been saved)"
        className="button"
        contentEditable={false}
        type="button"
      >
        Submit
      </button>
    </div>
    <span
      aria-hidden={true}
      className="incomplete-notice"
    >
      (Not all questions have been saved)
    </span>
  </div>
</div>
`;

exports[`Test Test component fetching score 1`] = `
<div
  className="test"
>
  <MockComponent
    model={
      Object {
        "getComponentClass": [MockFunction] {
          "calls": Array [
            Array [],
          ],
          "results": Array [
            Object {
              "type": "return",
              "value": "MockComponent",
            },
          ],
        },
      }
    }
    moduleData={
      Object {
        "focusState": Object {},
      }
    }
  />
  <div
    className="submit-button"
  >
    <div
      className="obojobo-draft--components--button is-not-dangerous align-center"
    >
      <button
        aria-label="Submit (Not all questions have been saved)"
        className="button"
        contentEditable={false}
        type="button"
      >
        Submit
      </button>
    </div>
    <span
      aria-hidden={true}
      className="incomplete-notice"
    >
      (Not all questions have been saved)
    </span>
  </div>
</div>
`;

exports[`Test Test component with completeAttempt 1`] = `
<div
  className="test"
>
  <MockComponent
    model={
      Object {
        "getComponentClass": [MockFunction] {
          "calls": Array [
            Array [],
          ],
          "results": Array [
            Object {
              "type": "return",
              "value": "MockComponent",
            },
          ],
        },
      }
    }
    moduleData={
      Object {
        "focusState": Object {},
      }
    }
  />
  <div
    className="submit-button"
  >
    <div
      className="obojobo-draft--components--button is-not-dangerous align-center"
    >
      <button
        aria-label="Submit (Not all questions have been saved)"
        className="button"
        contentEditable={false}
        type="button"
      >
        Submit
      </button>
    </div>
    <span
      aria-hidden={true}
      className="incomplete-notice"
    >
      (Not all questions have been saved)
    </span>
  </div>
</div>
`;
