// Jest Snapshot v1, https://goo.gl/fbAQLP

exports[`List Icon Icon 1`] = `
<svg
  viewBox="0 0 32 32"
  xmlns="http://www.w3.org/2000/svg"
>
  <circle
    className="fill"
    cx="5.48"
    cy="16"
    r="1.32"
  />
  <line
    className="stroke"
    strokeLinecap="round"
    strokeMiterlimit="10"
    x1="10.17"
    x2="27.84"
    y1="16"
    y2="16"
  />
  <circle
    className="fill"
    cx="5.48"
    cy="10"
    r="1.32"
  />
  <line
    className="stroke"
    strokeLinecap="round"
    strokeMiterlimit="10"
    x1="10.17"
    x2="27.84"
    y1="10"
    y2="10"
  />
  <circle
    className="fill"
    cx="5.48"
    cy="22"
    r="1.32"
  />
  <line
    className="stroke"
    strokeLinecap="round"
    strokeMiterlimit="10"
    x1="10.17"
    x2="27.84"
    y1="22"
    y2="22"
  />
</svg>
`;
