// Jest Snapshot v1, https://goo.gl/fbAQLP

exports[`QuestionBank adapter construct allows choose to be Infinity 1`] = `
Object {
  "choose": Infinity,
  "select": "random",
}
`;

exports[`QuestionBank adapter construct builds with attributes 1`] = `
Object {
  "choose": 2,
  "select": "random",
}
`;

exports[`QuestionBank adapter construct builds without attributes 1`] = `
Object {
  "choose": Infinity,
  "select": "sequential",
}
`;

exports[`QuestionBank adapter toJSON builds a JSON representation 1`] = `
Object {
  "content": Object {
    "choose": 2,
    "select": "random",
  },
}
`;
