// Jest Snapshot v1, https://goo.gl/fbAQLP

exports[`MCAssessment Answer Choices focusOnResults renders 1`] = `
<div
  role="radiogroup"
/>
`;
