// Jest Snapshot v1, https://goo.gl/fbAQLP

exports[`MCChoice viewer-component MCChoice component 1`] = `<div />`;

exports[`MCChoice viewer-component MCChoice component in review mode - chosen correctly 1`] = `
<label
  className="component obojobo-draft--chunks--mc-assessment--mc-choice is-selected is-correct is-type-chosen-correctly is-mode-review"
  data-focussed={false}
  data-id="choice1"
  data-obo-component={true}
  data-type="ObojoboDraft.Chunks.MCAssessment.MCChoice"
  id="obo-choice1"
  tabIndex={-1}
>
  <input
    aria-checked={true}
    checked={true}
    disabled={true}
    name="id"
    onChange={[Function]}
    role="radio"
    type="radio"
    value="choice1"
  />
  <div
    className="children"
  >
    <div>
      <div
        className="obojobo-draft--chunks--mc-assessment--mc-choice--answer-flag is-type-chosen-correctly"
      >
        <p>
          Your Answer (Correct)
        </p>
      </div>
      <div
        className="component obojobo-draft--chunks--mc-assessment--mc-answer"
        data-focussed={false}
        data-id="choice1-answer"
        data-obo-component={true}
        data-type="ObojoboDraft.Chunks.MCAssessment.MCAnswer"
        id="obo-choice1-answer"
        tabIndex={-1}
      >
        <div
          className="component"
          data-focussed={false}
          data-id="choice1-answer-text"
          data-obo-component={true}
          data-type="ObojoboDraft.Chunks.Text"
          id="obo-choice1-answer-text"
          tabIndex={-1}
        >
          <div
            className="text-chunk obojobo-draft--chunks--single-text pad"
          >
            <span
              className="obo-text align-left"
              data-group-index={0}
              data-indent={0}
            >
              <span>
                <span>
                  <span>
                    Example Text
                  </span>
                </span>
              </span>
            </span>
          </div>
        </div>
      </div>
    </div>
    <span />
  </div>
</label>
`;

exports[`MCChoice viewer-component MCChoice component in review mode - could have chosen 1`] = `
<label
  className="component obojobo-draft--chunks--mc-assessment--mc-choice is-not-selected is-correct is-type-could-have-chosen is-mode-review"
  data-focussed={false}
  data-id="choice1"
  data-obo-component={true}
  data-type="ObojoboDraft.Chunks.MCAssessment.MCChoice"
  id="obo-choice1"
  tabIndex={-1}
>
  <input
    aria-checked={false}
    checked={false}
    disabled={true}
    name="id"
    onChange={[Function]}
    role="radio"
    type="radio"
    value="choice1"
  />
  <div
    className="children"
  >
    <div>
      <div
        className="obojobo-draft--chunks--mc-assessment--mc-choice--answer-flag is-type-could-have-chosen"
      >
        <p>
          Also Correct Answer
        </p>
      </div>
      <div
        className="component obojobo-draft--chunks--mc-assessment--mc-answer"
        data-focussed={false}
        data-id="choice1-answer"
        data-obo-component={true}
        data-type="ObojoboDraft.Chunks.MCAssessment.MCAnswer"
        id="obo-choice1-answer"
        tabIndex={-1}
      >
        <div
          className="component"
          data-focussed={false}
          data-id="choice1-answer-text"
          data-obo-component={true}
          data-type="ObojoboDraft.Chunks.Text"
          id="obo-choice1-answer-text"
          tabIndex={-1}
        >
          <div
            className="text-chunk obojobo-draft--chunks--single-text pad"
          >
            <span
              className="obo-text align-left"
              data-group-index={0}
              data-indent={0}
            >
              <span>
                <span>
                  <span>
                    Example Text
                  </span>
                </span>
              </span>
            </span>
          </div>
        </div>
      </div>
    </div>
    <span />
  </div>
</label>
`;

exports[`MCChoice viewer-component MCChoice component in review mode - should have chosen 1`] = `
<label
  className="component obojobo-draft--chunks--mc-assessment--mc-choice is-not-selected is-correct is-type-could-have-chosen is-mode-review"
  data-focussed={false}
  data-id="choice1"
  data-obo-component={true}
  data-type="ObojoboDraft.Chunks.MCAssessment.MCChoice"
  id="obo-choice1"
  tabIndex={-1}
>
  <input
    aria-checked={false}
    checked={false}
    disabled={true}
    name="id"
    onChange={[Function]}
    role="radio"
    type="radio"
    value="choice1"
  />
  <div
    className="children"
  >
    <div>
      <div
        className="obojobo-draft--chunks--mc-assessment--mc-choice--answer-flag is-type-could-have-chosen"
      >
        <p>
          Also Correct Answer
        </p>
      </div>
      <div
        className="component obojobo-draft--chunks--mc-assessment--mc-answer"
        data-focussed={false}
        data-id="choice1-answer"
        data-obo-component={true}
        data-type="ObojoboDraft.Chunks.MCAssessment.MCAnswer"
        id="obo-choice1-answer"
        tabIndex={-1}
      >
        <div
          className="component"
          data-focussed={false}
          data-id="choice1-answer-text"
          data-obo-component={true}
          data-type="ObojoboDraft.Chunks.Text"
          id="obo-choice1-answer-text"
          tabIndex={-1}
        >
          <div
            className="text-chunk obojobo-draft--chunks--single-text pad"
          >
            <span
              className="obo-text align-left"
              data-group-index={0}
              data-indent={0}
            >
              <span>
                <span>
                  <span>
                    Example Text
                  </span>
                </span>
              </span>
            </span>
          </div>
        </div>
      </div>
    </div>
    <span />
  </div>
</label>
`;

exports[`MCChoice viewer-component MCChoice component in review mode - should not have chosen 1`] = `
<label
  className="component obojobo-draft--chunks--mc-assessment--mc-choice is-not-selected is-not-correct is-type-unchosen-correctly is-mode-review"
  data-focussed={false}
  data-id="choice2"
  data-obo-component={true}
  data-type="ObojoboDraft.Chunks.MCAssessment.MCChoice"
  id="obo-choice2"
  tabIndex={-1}
>
  <input
    aria-checked={false}
    checked={false}
    disabled={true}
    name="id"
    onChange={[Function]}
    role="radio"
    type="radio"
    value="choice2"
  />
  <div
    className="children"
  >
    <div>
      <div />
      <div
        className="component obojobo-draft--chunks--mc-assessment--mc-answer"
        data-focussed={false}
        data-id="choice2-answer"
        data-obo-component={true}
        data-type="ObojoboDraft.Chunks.MCAssessment.MCAnswer"
        id="obo-choice2-answer"
        tabIndex={-1}
      >
        <div
          className="component"
          data-focussed={false}
          data-id="choice1-answer-text"
          data-obo-component={true}
          data-type="ObojoboDraft.Chunks.Text"
          id="obo-choice1-answer-text"
          tabIndex={-1}
        >
          <div
            className="text-chunk obojobo-draft--chunks--single-text pad"
          >
            <span
              className="obo-text align-left"
              data-group-index={0}
              data-indent={0}
            >
              <span>
                <span>
                  <span>
                    Example Text 3
                  </span>
                </span>
              </span>
            </span>
          </div>
        </div>
      </div>
    </div>
    <span />
  </div>
</label>
`;

exports[`MCChoice viewer-component MCChoice component in review mode - survey question - this item NOT selected 1`] = `
<label
  className="component obojobo-draft--chunks--mc-assessment--mc-choice is-not-selected is-not-correct is-type-unchosen-correctly is-mode-review"
  data-focussed={false}
  data-id="choice2"
  data-obo-component={true}
  data-type="ObojoboDraft.Chunks.MCAssessment.MCChoice"
  id="obo-choice2"
  tabIndex={-1}
>
  <input
    aria-checked={false}
    checked={false}
    disabled={true}
    name="id"
    onChange={[Function]}
    role="radio"
    type="radio"
    value="choice2"
  />
  <div
    className="children"
  >
    <div>
      <div />
      <div
        className="component obojobo-draft--chunks--mc-assessment--mc-answer"
        data-focussed={false}
        data-id="choice2-answer"
        data-obo-component={true}
        data-type="ObojoboDraft.Chunks.MCAssessment.MCAnswer"
        id="obo-choice2-answer"
        tabIndex={-1}
      >
        <div
          className="component"
          data-focussed={false}
          data-id="choice1-answer-text"
          data-obo-component={true}
          data-type="ObojoboDraft.Chunks.Text"
          id="obo-choice1-answer-text"
          tabIndex={-1}
        >
          <div
            className="text-chunk obojobo-draft--chunks--single-text pad"
          >
            <span
              className="obo-text align-left"
              data-group-index={0}
              data-indent={0}
            >
              <span>
                <span>
                  <span>
                    Example Text 3
                  </span>
                </span>
              </span>
            </span>
          </div>
        </div>
      </div>
    </div>
    <span />
  </div>
</label>
`;

exports[`MCChoice viewer-component MCChoice component in review mode - survey question - this item selected 1`] = `
<label
  className="component obojobo-draft--chunks--mc-assessment--mc-choice is-selected is-not-correct is-type-chosen-survey is-mode-review"
  data-focussed={false}
  data-id="choice1"
  data-obo-component={true}
  data-type="ObojoboDraft.Chunks.MCAssessment.MCChoice"
  id="obo-choice1"
  tabIndex={-1}
>
  <input
    aria-checked={true}
    checked={true}
    disabled={true}
    name="id"
    onChange={[Function]}
    role="radio"
    type="radio"
    value="choice1"
  />
  <div
    className="children"
  >
    <div>
      <div
        className="obojobo-draft--chunks--mc-assessment--mc-choice--answer-flag is-type-chosen-survey"
      >
        <p>
          Your Response
        </p>
      </div>
      <div
        className="component obojobo-draft--chunks--mc-assessment--mc-answer"
        data-focussed={false}
        data-id="choice1-answer"
        data-obo-component={true}
        data-type="ObojoboDraft.Chunks.MCAssessment.MCAnswer"
        id="obo-choice1-answer"
        tabIndex={-1}
      >
        <div
          className="component"
          data-focussed={false}
          data-id="choice1-answer-text"
          data-obo-component={true}
          data-type="ObojoboDraft.Chunks.Text"
          id="obo-choice1-answer-text"
          tabIndex={-1}
        >
          <div
            className="text-chunk obojobo-draft--chunks--single-text pad"
          >
            <span
              className="obo-text align-left"
              data-group-index={0}
              data-indent={0}
            >
              <span>
                <span>
                  <span>
                    Example Text
                  </span>
                </span>
              </span>
            </span>
          </div>
        </div>
      </div>
    </div>
    <span />
  </div>
</label>
`;

exports[`MCChoice viewer-component MCChoice component in review mode - unchosen correctly 1`] = `
<label
  className="component obojobo-draft--chunks--mc-assessment--mc-choice is-not-selected is-correct is-type-unchosen-correctly is-mode-review"
  data-focussed={false}
  data-id="choice2"
  data-obo-component={true}
  data-type="ObojoboDraft.Chunks.MCAssessment.MCChoice"
  id="obo-choice2"
  tabIndex={-1}
>
  <input
    aria-checked={false}
    checked={false}
    disabled={true}
    name="id"
    onChange={[Function]}
    role="radio"
    type="radio"
    value="choice2"
  />
  <div
    className="children"
  >
    <div>
      <div />
      <div
        className="component obojobo-draft--chunks--mc-assessment--mc-answer"
        data-focussed={false}
        data-id="choice2-answer"
        data-obo-component={true}
        data-type="ObojoboDraft.Chunks.MCAssessment.MCAnswer"
        id="obo-choice2-answer"
        tabIndex={-1}
      >
        <div
          className="component"
          data-focussed={false}
          data-id="choice1-answer-text"
          data-obo-component={true}
          data-type="ObojoboDraft.Chunks.Text"
          id="obo-choice1-answer-text"
          tabIndex={-1}
        >
          <div
            className="text-chunk obojobo-draft--chunks--single-text pad"
          >
            <span
              className="obo-text align-left"
              data-group-index={0}
              data-indent={0}
            >
              <span>
                <span>
                  <span>
                    Example Text 3
                  </span>
                </span>
              </span>
            </span>
          </div>
        </div>
      </div>
    </div>
    <span />
  </div>
</label>
`;

exports[`MCChoice viewer-component MCChoice component in review mode with no score data 1`] = `
<label
  className="component obojobo-draft--chunks--mc-assessment--mc-choice is-not-selected is-not-correct is-type-should-have-chosen is-mode-review"
  data-focussed={false}
  data-id="choice1"
  data-obo-component={true}
  data-type="ObojoboDraft.Chunks.MCAssessment.MCChoice"
  id="obo-choice1"
  tabIndex={-1}
>
  <input
    aria-checked={false}
    checked={false}
    disabled={true}
    name="id"
    onChange={[Function]}
    role="radio"
    type="radio"
    value="choice1"
  />
  <div
    className="children"
  >
    <div>
      <div
        className="obojobo-draft--chunks--mc-assessment--mc-choice--answer-flag is-type-should-have-chosen"
      >
        <p>
          Correct Answer
        </p>
      </div>
      <div
        className="component obojobo-draft--chunks--mc-assessment--mc-answer"
        data-focussed={false}
        data-id="choice1-answer"
        data-obo-component={true}
        data-type="ObojoboDraft.Chunks.MCAssessment.MCAnswer"
        id="obo-choice1-answer"
        tabIndex={-1}
      >
        <div
          className="component"
          data-focussed={false}
          data-id="choice1-answer-text"
          data-obo-component={true}
          data-type="ObojoboDraft.Chunks.Text"
          id="obo-choice1-answer-text"
          tabIndex={-1}
        >
          <div
            className="text-chunk obojobo-draft--chunks--single-text pad"
          >
            <span
              className="obo-text align-left"
              data-group-index={0}
              data-indent={0}
            >
              <span>
                <span>
                  <span>
                    Example Text
                  </span>
                </span>
              </span>
            </span>
          </div>
        </div>
      </div>
    </div>
    <span />
  </div>
</label>
`;

exports[`MCChoice viewer-component MCChoice component pick-all in review mode - chosen correctly 1`] = `
<label
  className="component obojobo-draft--chunks--mc-assessment--mc-choice is-selected is-correct is-type-chosen-correctly is-mode-review"
  data-focussed={false}
  data-id="choice1"
  data-obo-component={true}
  data-type="ObojoboDraft.Chunks.MCAssessment.MCChoice"
  id="obo-choice1"
  tabIndex={-1}
>
  <input
    aria-checked={true}
    checked={true}
    disabled={true}
    name="id"
    onChange={[Function]}
    role="checkbox"
    type="checkbox"
    value="choice1"
  />
  <div
    className="children"
  >
    <div>
      <div
        className="obojobo-draft--chunks--mc-assessment--mc-choice--answer-flag is-type-chosen-correctly"
      >
        <p>
          Your Answer (Correct)
        </p>
      </div>
      <div
        className="component obojobo-draft--chunks--mc-assessment--mc-answer"
        data-focussed={false}
        data-id="choice1-answer"
        data-obo-component={true}
        data-type="ObojoboDraft.Chunks.MCAssessment.MCAnswer"
        id="obo-choice1-answer"
        tabIndex={-1}
      >
        <div
          className="component"
          data-focussed={false}
          data-id="choice1-answer-text"
          data-obo-component={true}
          data-type="ObojoboDraft.Chunks.Text"
          id="obo-choice1-answer-text"
          tabIndex={-1}
        >
          <div
            className="text-chunk obojobo-draft--chunks--single-text pad"
          >
            <span
              className="obo-text align-left"
              data-group-index={0}
              data-indent={0}
            >
              <span>
                <span>
                  <span>
                    Example Text
                  </span>
                </span>
              </span>
            </span>
          </div>
        </div>
      </div>
    </div>
    <span />
  </div>
</label>
`;

exports[`MCChoice viewer-component MCChoice component pick-all in review mode - should have chosen 1`] = `
<label
  className="component obojobo-draft--chunks--mc-assessment--mc-choice is-not-selected is-not-correct is-type-should-have-chosen is-mode-review"
  data-focussed={false}
  data-id="choice1"
  data-obo-component={true}
  data-type="ObojoboDraft.Chunks.MCAssessment.MCChoice"
  id="obo-choice1"
  tabIndex={-1}
>
  <input
    aria-checked={false}
    checked={false}
    disabled={true}
    name="id"
    onChange={[Function]}
    role="checkbox"
    type="checkbox"
    value="choice1"
  />
  <div
    className="children"
  >
    <div>
      <div
        className="obojobo-draft--chunks--mc-assessment--mc-choice--answer-flag is-type-should-have-chosen"
      >
        <p>
          Correct Answer
        </p>
      </div>
      <div
        className="component obojobo-draft--chunks--mc-assessment--mc-answer"
        data-focussed={false}
        data-id="choice1-answer"
        data-obo-component={true}
        data-type="ObojoboDraft.Chunks.MCAssessment.MCAnswer"
        id="obo-choice1-answer"
        tabIndex={-1}
      >
        <div
          className="component"
          data-focussed={false}
          data-id="choice1-answer-text"
          data-obo-component={true}
          data-type="ObojoboDraft.Chunks.Text"
          id="obo-choice1-answer-text"
          tabIndex={-1}
        >
          <div
            className="text-chunk obojobo-draft--chunks--single-text pad"
          >
            <span
              className="obo-text align-left"
              data-group-index={0}
              data-indent={0}
            >
              <span>
                <span>
                  <span>
                    Example Text
                  </span>
                </span>
              </span>
            </span>
          </div>
        </div>
      </div>
    </div>
    <span />
  </div>
</label>
`;

exports[`MCChoice viewer-component MCChoice component pick-all in review mode - should not have chosen 1`] = `
<label
  className="component obojobo-draft--chunks--mc-assessment--mc-choice is-selected is-correct is-type-should-not-have-chosen is-mode-review"
  data-focussed={false}
  data-id="choice2"
  data-obo-component={true}
  data-type="ObojoboDraft.Chunks.MCAssessment.MCChoice"
  id="obo-choice2"
  tabIndex={-1}
>
  <input
    aria-checked={true}
    checked={true}
    disabled={true}
    name="id"
    onChange={[Function]}
    role="checkbox"
    type="checkbox"
    value="choice2"
  />
  <div
    className="children"
  >
    <div>
      <div
        className="obojobo-draft--chunks--mc-assessment--mc-choice--answer-flag is-type-should-not-have-chosen"
      >
        <p>
          Your Answer (Incorrect)
        </p>
      </div>
      <div
        className="component obojobo-draft--chunks--mc-assessment--mc-answer"
        data-focussed={false}
        data-id="choice2-answer"
        data-obo-component={true}
        data-type="ObojoboDraft.Chunks.MCAssessment.MCAnswer"
        id="obo-choice2-answer"
        tabIndex={-1}
      >
        <div
          className="component"
          data-focussed={false}
          data-id="choice1-answer-text"
          data-obo-component={true}
          data-type="ObojoboDraft.Chunks.Text"
          id="obo-choice1-answer-text"
          tabIndex={-1}
        >
          <div
            className="text-chunk obojobo-draft--chunks--single-text pad"
          >
            <span
              className="obo-text align-left"
              data-group-index={0}
              data-indent={0}
            >
              <span>
                <span>
                  <span>
                    Example Text 3
                  </span>
                </span>
              </span>
            </span>
          </div>
        </div>
      </div>
    </div>
    <span />
  </div>
</label>
`;

exports[`MCChoice viewer-component MCChoice component pick-all in review mode - unchosen correctly 1`] = `
<label
  className="component obojobo-draft--chunks--mc-assessment--mc-choice is-not-selected is-correct is-type-unchosen-correctly is-mode-review"
  data-focussed={false}
  data-id="choice2"
  data-obo-component={true}
  data-type="ObojoboDraft.Chunks.MCAssessment.MCChoice"
  id="obo-choice2"
  tabIndex={-1}
>
  <input
    aria-checked={false}
    checked={false}
    disabled={true}
    name="id"
    onChange={[Function]}
    role="checkbox"
    type="checkbox"
    value="choice2"
  />
  <div
    className="children"
  >
    <div>
      <div />
      <div
        className="component obojobo-draft--chunks--mc-assessment--mc-answer"
        data-focussed={false}
        data-id="choice2-answer"
        data-obo-component={true}
        data-type="ObojoboDraft.Chunks.MCAssessment.MCAnswer"
        id="obo-choice2-answer"
        tabIndex={-1}
      >
        <div
          className="component"
          data-focussed={false}
          data-id="choice1-answer-text"
          data-obo-component={true}
          data-type="ObojoboDraft.Chunks.Text"
          id="obo-choice1-answer-text"
          tabIndex={-1}
        >
          <div
            className="text-chunk obojobo-draft--chunks--single-text pad"
          >
            <span
              className="obo-text align-left"
              data-group-index={0}
              data-indent={0}
            >
              <span>
                <span>
                  <span>
                    Example Text 3
                  </span>
                </span>
              </span>
            </span>
          </div>
        </div>
      </div>
    </div>
    <span />
  </div>
</label>
`;

exports[`MCChoice viewer-component MCChoice component type pick-all 1`] = `<div />`;

exports[`MCChoice viewer-component MCChoice component type pick-one-multiple-correct 1`] = `<div />`;

exports[`MCChoice viewer-component MCChoice renders empty div if error is thrown 1`] = `<div />`;

exports[`MCChoice viewer-component MCChoice that is selected and submitted (Not Pick All, Correct) 1`] = `<div />`;

exports[`MCChoice viewer-component MCChoice that is selected and submitted (Not Pick All, Incorrect) 1`] = `<div />`;

exports[`MCChoice viewer-component MCChoice that is selected and submitted (Pick All, Correct) 1`] = `<div />`;

exports[`MCChoice viewer-component MCChoice that is selected and submitted (Pick All, Incorrect) 1`] = `<div />`;

exports[`MCChoice viewer-component MCChoice that is selected and submitted - survey question 1`] = `<div />`;

exports[`MCChoice viewer-component MCChoice that is selected and submitted 1`] = `<div />`;
