// Jest Snapshot v1, https://goo.gl/fbAQLP

exports[`Page Converter oboToSlate converts an OboNode to a Slate node 1`] = `
Object {
  "children": Array [
    Object {
      "componentOboToSlateReturnFor": Object {
        "children": Array [
          Object {
            "type": "mockNode",
          },
        ],
        "type": "oboeditor.component",
      },
    },
  ],
  "content": Object {
    "triggers": "mock-triggers",
  },
  "id": "mockKey",
  "type": "mockType",
}
`;

exports[`Page Converter slateToObo converts a Slate node to an OboNode 1`] = `
Object {
  "children": Array [
    Object {
      "componentSlateToOboReturnFor": Object {
        "children": Array [
          Object {
            "type": "mockNode",
          },
        ],
        "type": "oboeditor.component",
      },
    },
  ],
  "content": Object {},
  "id": "mockKey",
  "type": "mockType",
}
`;
