// Jest Snapshot v1, https://goo.gl/fbAQLP

exports[`OboQuestionComponent Renders as expected 1`] = `null`;
