// Jest Snapshot v1, https://goo.gl/fbAQLP

exports[`YouTube Editor Node YouTube component 1`] = `
<div>
  <div
    className="obojobo-draft--chunks--you-tube viewer pad  is-not-selected"
    contentEditable={false}
    onClick={[Function]}
  >
    <div
      className="obojobo-draft--components--button is-not-dangerous align-center delete-button"
    >
      <button
        className="button"
        contentEditable={false}
        onClick={[Function]}
        type="button"
      >
        ×
      </button>
    </div>
    <div
      className="obojobo-draft--chunks-you-tube-player"
      id="obojobo-draft--chunks-you-tube-player-mockId"
    />
    <div
      className="obojobo-draft--components--button is-not-dangerous align-center edit-button"
    >
      <button
        className="button"
        contentEditable={false}
        onClick={[Function]}
        type="button"
      >
        Edit
      </button>
    </div>
  </div>
</div>
`;

exports[`YouTube Editor Node YouTube renders with no id correctly 1`] = `
<div>
  <div
    className="obojobo-draft--chunks--you-tube viewer pad  is-not-selected"
    contentEditable={false}
    onClick={[Function]}
  >
    <div
      className="obojobo-draft--components--button is-not-dangerous align-center delete-button"
    >
      <button
        className="button"
        contentEditable={false}
        onClick={[Function]}
        type="button"
      >
        ×
      </button>
    </div>
    <div
      className="empty-frame"
    >
      <div>
        No Video Id.
      </div>
    </div>
    <div
      className="obojobo-draft--components--button is-not-dangerous align-center edit-button"
    >
      <button
        className="button"
        contentEditable={false}
        onClick={[Function]}
        type="button"
      >
        Edit
      </button>
    </div>
  </div>
</div>
`;
