// Jest Snapshot v1, https://goo.gl/fbAQLP

exports[`YouTube editor plugins.renderNode renders a button when passed 1`] = `
<SlateWrapper
  attributes={
    Object {
      "dummy": "dummyData",
    }
  }
  dummy="dummyData"
  node={
    Object {
      "data": Object {
        "get": [Function],
      },
      "type": "ObojoboDraft.Chunks.YouTube",
    }
  }
/>
`;
