// Jest Snapshot v1, https://goo.gl/fbAQLP

exports[`Figure Converter oboToSlate converts an OboNode to a Slate node 1`] = `
Object {
  "children": Array [
    Object {
      "text": "",
    },
  ],
  "content": Object {},
  "id": "mockKey",
  "type": "mockType",
}
`;

exports[`Figure Converter oboToSlate converts an OboNode to a Slate node with caption, size and triggers 1`] = `
Object {
  "children": Array [
    Object {
      "text": "mockCaption",
    },
  ],
  "content": Object {
    "size": "large",
    "textGroup": Array [
      Object {
        "text": Object {
          "value": "mockCaption",
        },
      },
    ],
    "triggers": "mock-triggers",
  },
  "id": "mockKey",
  "type": "mockType",
}
`;

exports[`Figure Converter slateToObo converts a Slate node to an OboNode with content 1`] = `
Object {
  "children": Array [],
  "content": Object {
    "textGroup": Array [
      Object {
        "data": null,
        "text": Object {
          "styleList": Array [
            Object {
              "data": Object {},
              "end": 8,
              "start": 0,
              "type": "b",
            },
          ],
          "value": "mockText",
        },
      },
    ],
  },
  "id": "mockKey",
  "type": "mockType",
}
`;
