// Jest Snapshot v1, https://goo.gl/fbAQLP

exports[`MateriaSettingsDialog MateriaSettingsDialog component 1`] = `"<mock-settingsdialog title=\\"Materia Widget Settings\\"><mock-settingsdialogrow classname=\\"highlight\\"><div class=\\"widget-icon\\"><img src=\\"mock-icon\\" alt=\\"mock-engine\\"></div><div class=\\"obojobo-draft--components--button is-not-dangerous align-center correct-button\\"><button class=\\"button\\" contenteditable=\\"false\\">Change Widget...</button></div></mock-settingsdialogrow><mock-settingsdialogrow classname=\\"center\\"><div class=\\"obojobo-draft--components--button alt-action is-not-dangerous align-center toggle-view-button  is-not-open\\"><button class=\\"button\\" contenteditable=\\"false\\">Customize</button></div></mock-settingsdialogrow></mock-settingsdialog>"`;
